2026-08-21 04:36:57.371: [INFO] CurrentProfilePath: D:\Lecture\Java26\.metadata\.plugins\org.eclipse.swt\EBWebView\Default
2026-08-21 04:36:57.371: [INFO] Profiles total count: 1
2026-08-21 04:36:57.371: [INFO] Profile: name=프로필 1 path=D:\Lecture\Java26\.metadata\.plugins\org.eclipse.swt\EBWebView\Default lastActive=null
2026-08-21 04:36:57.371: [INFO] LastUsedProfileDir: D:\Lecture\Java26\.metadata\.plugins\org.eclipse.swt\EBWebView\Default
2026-08-21 04:36:57.371: [INFO] OnDoneLoading sync enabled: 0
2026-08-21 04:36:57.371: [INFO] BookmarkModelLoaded, ids_reassigned: 0
2026-08-21 04:36:57.371: [INFO] BookmarksLoadDropped droppedNodes=0
2026-08-21 04:36:57.371: [INFO] BookmarksSnapshot Startup total=0 bar=0 other=0 mobile=0 showBar=0 showBarNTP=1
2026-08-21 04:37:01.133: [INFO] BookmarksSnapshot Shutdown total=0 bar=0 other=0 mobile=0 showBar=0 showBarNTP=1
2026-08-21 04:37:05.492: [INFO] CurrentProfilePath: D:\Lecture\Java26\.metadata\.plugins\org.eclipse.swt\EBWebView\Default
2026-08-21 04:37:05.492: [INFO] Profiles total count: 1
2026-08-21 04:37:05.493: [INFO] Profile: name=프로필 1 path=D:\Lecture\Java26\.metadata\.plugins\org.eclipse.swt\EBWebView\Default lastActive=2026-08-21T04:36:57.824Z
2026-08-21 04:37:05.493: [INFO] LastUsedProfileDir: D:\Lecture\Java26\.metadata\.plugins\org.eclipse.swt\EBWebView\Default
2026-08-21 04:37:05.493: [INFO] MostRecentlyActiveProfile: name=프로필 1 path=D:\Lecture\Java26\.metadata\.plugins\org.eclipse.swt\EBWebView\Default lastActive=2026-08-21T04:36:57.824Z
2026-08-21 04:37:05.493: [INFO] OnDoneLoading sync enabled: 0
2026-08-21 04:37:05.493: [INFO] BookmarkModelLoaded, ids_reassigned: 0
2026-08-21 04:37:05.493: [INFO] BookmarksLoadDropped droppedNodes=0
2026-08-21 04:37:05.493: [INFO] BookmarksSnapshot Startup total=0 bar=0 other=0 mobile=0 showBar=0 showBarNTP=1
2026-08-21 04:55:29.359: [INFO] BookmarksSnapshot Shutdown total=0 bar=0 other=0 mobile=0 showBar=0 showBarNTP=1
2026-08-21 04:56:30.814: [INFO] CurrentProfilePath: D:\Lecture\Java26\.metadata\.plugins\org.eclipse.swt\EBWebView\Default
2026-08-21 04:56:30.814: [INFO] Profiles total count: 1
2026-08-21 04:56:30.814: [INFO] Profile: name=프로필 1 path=D:\Lecture\Java26\.metadata\.plugins\org.eclipse.swt\EBWebView\Default lastActive=2026-08-21T04:39:19.104Z
2026-08-21 04:56:30.814: [INFO] LastUsedProfileDir: D:\Lecture\Java26\.metadata\.plugins\org.eclipse.swt\EBWebView\Default
2026-08-21 04:56:30.814: [INFO] MostRecentlyActiveProfile: name=프로필 1 path=D:\Lecture\Java26\.metadata\.plugins\org.eclipse.swt\EBWebView\Default lastActive=2026-08-21T04:39:19.104Z
2026-08-21 04:56:30.814: [INFO] OnDoneLoading sync enabled: 0
2026-08-21 04:56:30.814: [INFO] BookmarkModelLoaded, ids_reassigned: 0
2026-08-21 04:56:30.814: [INFO] BookmarksLoadDropped droppedNodes=0
2026-08-21 04:56:30.814: [INFO] BookmarksSnapshot Startup total=0 bar=0 other=0 mobile=0 showBar=0 showBarNTP=1
2026-08-24 01:02:57.743: [INFO] CurrentProfilePath: D:\Lecture\Java26\.metadata\.plugins\org.eclipse.swt\EBWebView\Default
2026-08-24 01:02:57.743: [INFO] Profiles total count: 1
2026-08-24 01:02:57.744: [INFO] Profile: name=프로필 1 path=D:\Lecture\Java26\.metadata\.plugins\org.eclipse.swt\EBWebView\Default lastActive=2026-08-21T04:56:34.288Z
2026-08-24 01:02:57.744: [INFO] LastUsedProfileDir: D:\Lecture\Java26\.metadata\.plugins\org.eclipse.swt\EBWebView\Default
2026-08-24 01:02:57.744: [INFO] MostRecentlyActiveProfile: name=프로필 1 path=D:\Lecture\Java26\.metadata\.plugins\org.eclipse.swt\EBWebView\Default lastActive=2026-08-21T04:56:34.288Z
2026-08-24 01:02:57.744: [INFO] OnDoneLoading sync enabled: 0
2026-08-24 01:02:57.744: [INFO] BookmarkModelLoaded, ids_reassigned: 0
2026-08-24 01:02:57.744: [INFO] BookmarksLoadDropped droppedNodes=0
2026-08-24 01:02:57.744: [INFO] BookmarksSnapshot Startup total=0 bar=0 other=0 mobile=0 showBar=0 showBarNTP=1
2026-08-24 05:37:45.153: [INFO] BookmarksSnapshot Shutdown total=0 bar=0 other=0 mobile=0 showBar=0 showBarNTP=1
2026-08-26 00:39:43.450: [INFO] CurrentProfilePath: D:\Lecture\Java26\.metadata\.plugins\org.eclipse.swt\EBWebView\Default
2026-08-26 00:39:43.450: [INFO] Profiles total count: 1
2026-08-26 00:39:43.450: [INFO] Profile: name=프로필 1 path=D:\Lecture\Java26\.metadata\.plugins\org.eclipse.swt\EBWebView\Default lastActive=2026-08-21T04:56:34.288Z
2026-08-26 00:39:43.450: [INFO] LastUsedProfileDir: D:\Lecture\Java26\.metadata\.plugins\org.eclipse.swt\EBWebView\Default
2026-08-26 00:39:43.450: [INFO] MostRecentlyActiveProfile: name=프로필 1 path=D:\Lecture\Java26\.metadata\.plugins\org.eclipse.swt\EBWebView\Default lastActive=2026-08-21T04:56:34.288Z
2026-08-26 00:39:43.450: [INFO] OnDoneLoading sync enabled: 0
2026-08-26 00:39:43.450: [INFO] BookmarkModelLoaded, ids_reassigned: 0
2026-08-26 00:39:43.450: [INFO] BookmarksLoadDropped droppedNodes=0
2026-08-26 00:39:43.450: [INFO] BookmarksSnapshot Startup total=0 bar=0 other=0 mobile=0 showBar=0 showBarNTP=1
2026-08-26 06:02:01.061: [INFO] BookmarksSnapshot Shutdown total=0 bar=0 other=0 mobile=0 showBar=0 showBarNTP=1
2026-08-26 06:31:49.968: [INFO] CurrentProfilePath: D:\Lecture\Java26\.metadata\.plugins\org.eclipse.swt\EBWebView\Default
2026-08-26 06:31:49.968: [INFO] Profiles total count: 1
2026-08-26 06:31:49.968: [INFO] Profile: name=프로필 1 path=D:\Lecture\Java26\.metadata\.plugins\org.eclipse.swt\EBWebView\Default lastActive=2026-08-21T04:56:34.288Z
2026-08-26 06:31:49.968: [INFO] LastUsedProfileDir: D:\Lecture\Java26\.metadata\.plugins\org.eclipse.swt\EBWebView\Default
2026-08-26 06:31:49.968: [INFO] MostRecentlyActiveProfile: name=프로필 1 path=D:\Lecture\Java26\.metadata\.plugins\org.eclipse.swt\EBWebView\Default lastActive=2026-08-21T04:56:34.288Z
2026-08-26 06:31:49.968: [INFO] OnDoneLoading sync enabled: 0
2026-08-26 06:31:49.968: [INFO] BookmarkModelLoaded, ids_reassigned: 0
2026-08-26 06:31:49.968: [INFO] BookmarksLoadDropped droppedNodes=0
2026-08-26 06:31:49.968: [INFO] BookmarksSnapshot Startup total=0 bar=0 other=0 mobile=0 showBar=0 showBarNTP=1
2026-08-26 06:38:32.452: [INFO] BookmarksSnapshot Shutdown total=0 bar=0 other=0 mobile=0 showBar=0 showBarNTP=1
2026-08-26 06:41:03.148: [INFO] CurrentProfilePath: D:\Lecture\Java26\.metadata\.plugins\org.eclipse.swt\EBWebView\Default
2026-08-26 06:41:03.148: [INFO] Profiles total count: 1
2026-08-26 06:41:03.149: [INFO] Profile: name=프로필 1 path=D:\Lecture\Java26\.metadata\.plugins\org.eclipse.swt\EBWebView\Default lastActive=2026-08-21T04:56:34.288Z
2026-08-26 06:41:03.149: [INFO] LastUsedProfileDir: D:\Lecture\Java26\.metadata\.plugins\org.eclipse.swt\EBWebView\Default
2026-08-26 06:41:03.149: [INFO] MostRecentlyActiveProfile: name=프로필 1 path=D:\Lecture\Java26\.metadata\.plugins\org.eclipse.swt\EBWebView\Default lastActive=2026-08-21T04:56:34.288Z
2026-08-26 06:41:03.149: [INFO] OnDoneLoading sync enabled: 0
2026-08-26 06:41:03.149: [INFO] BookmarkModelLoaded, ids_reassigned: 0
2026-08-26 06:41:03.149: [INFO] BookmarksLoadDropped droppedNodes=0
2026-08-26 06:41:03.149: [INFO] BookmarksSnapshot Startup total=0 bar=0 other=0 mobile=0 showBar=0 showBarNTP=1
2026-08-26 06:55:09.686: [INFO] BookmarksSnapshot Shutdown total=0 bar=0 other=0 mobile=0 showBar=0 showBarNTP=1
2026-08-26 06:56:25.220: [INFO] CurrentProfilePath: D:\Lecture\Java26\.metadata\.plugins\org.eclipse.swt\EBWebView\Default
2026-08-26 06:56:25.220: [INFO] Profiles total count: 1
2026-08-26 06:56:25.220: [INFO] Profile: name=프로필 1 path=D:\Lecture\Java26\.metadata\.plugins\org.eclipse.swt\EBWebView\Default lastActive=2026-08-26T06:46:56.462Z
2026-08-26 06:56:25.220: [INFO] LastUsedProfileDir: D:\Lecture\Java26\.metadata\.plugins\org.eclipse.swt\EBWebView\Default
2026-08-26 06:56:25.220: [INFO] MostRecentlyActiveProfile: name=프로필 1 path=D:\Lecture\Java26\.metadata\.plugins\org.eclipse.swt\EBWebView\Default lastActive=2026-08-26T06:46:56.462Z
2026-08-26 06:56:25.220: [INFO] OnDoneLoading sync enabled: 0
2026-08-26 06:56:25.220: [INFO] BookmarkModelLoaded, ids_reassigned: 0
2026-08-26 06:56:25.220: [INFO] BookmarksLoadDropped droppedNodes=0
2026-08-26 06:56:25.220: [INFO] BookmarksSnapshot Startup total=0 bar=0 other=0 mobile=0 showBar=0 showBarNTP=1
2026-08-26 07:00:19.847: [INFO] BookmarksSnapshot Shutdown total=0 bar=0 other=0 mobile=0 showBar=0 showBarNTP=1
2026-08-26 07:49:06.693: [INFO] CurrentProfilePath: D:\Lecture\Java26\.metadata\.plugins\org.eclipse.swt\EBWebView\Default
2026-08-26 07:49:06.693: [INFO] Profiles total count: 1
2026-08-26 07:49:06.693: [INFO] Profile: name=프로필 1 path=D:\Lecture\Java26\.metadata\.plugins\org.eclipse.swt\EBWebView\Default lastActive=2026-08-26T06:58:59.587Z
2026-08-26 07:49:06.693: [INFO] LastUsedProfileDir: D:\Lecture\Java26\.metadata\.plugins\org.eclipse.swt\EBWebView\Default
2026-08-26 07:49:06.693: [INFO] MostRecentlyActiveProfile: name=프로필 1 path=D:\Lecture\Java26\.metadata\.plugins\org.eclipse.swt\EBWebView\Default lastActive=2026-08-26T06:58:59.587Z
2026-08-26 07:49:06.693: [INFO] OnDoneLoading sync enabled: 0
2026-08-26 07:49:06.693: [INFO] BookmarkModelLoaded, ids_reassigned: 0
2026-08-26 07:49:06.693: [INFO] BookmarksLoadDropped droppedNodes=0
2026-08-26 07:49:06.693: [INFO] BookmarksSnapshot Startup total=0 bar=0 other=0 mobile=0 showBar=0 showBarNTP=1
2026-08-26 07:49:53.121: [INFO] BookmarksSnapshot Shutdown total=0 bar=0 other=0 mobile=0 showBar=0 showBarNTP=1
2026-08-27 03:34:58.808: [INFO] CurrentProfilePath: D:\Lecture\Java26\.metadata\.plugins\org.eclipse.swt\EBWebView\Default
2026-08-27 03:34:58.808: [INFO] Profiles total count: 1
2026-08-27 03:34:58.809: [INFO] Profile: name=프로필 1 path=D:\Lecture\Java26\.metadata\.plugins\org.eclipse.swt\EBWebView\Default lastActive=2026-08-26T06:58:59.587Z
2026-08-27 03:34:58.809: [INFO] LastUsedProfileDir: D:\Lecture\Java26\.metadata\.plugins\org.eclipse.swt\EBWebView\Default
2026-08-27 03:34:58.809: [INFO] MostRecentlyActiveProfile: name=프로필 1 path=D:\Lecture\Java26\.metadata\.plugins\org.eclipse.swt\EBWebView\Default lastActive=2026-08-26T06:58:59.587Z
2026-08-27 03:34:58.809: [INFO] OnDoneLoading sync enabled: 0
2026-08-27 03:34:58.809: [INFO] BookmarkModelLoaded, ids_reassigned: 0
2026-08-27 03:34:58.809: [INFO] BookmarksLoadDropped droppedNodes=0
2026-08-27 03:34:58.809: [INFO] BookmarksSnapshot Startup total=0 bar=0 other=0 mobile=0 showBar=0 showBarNTP=1
2026-08-27 03:41:38.600: [INFO] BookmarksSnapshot Shutdown total=0 bar=0 other=0 mobile=0 showBar=0 showBarNTP=1
2026-08-31 00:17:17.402: [INFO] CurrentProfilePath: D:\Lecture\Java26\.metadata\.plugins\org.eclipse.swt\EBWebView\Default
2026-08-31 00:17:17.402: [INFO] Profiles total count: 1
2026-08-31 00:17:17.402: [INFO] Profile: name=프로필 1 path=D:\Lecture\Java26\.metadata\.plugins\org.eclipse.swt\EBWebView\Default lastActive=2026-08-26T06:58:59.587Z
2026-08-31 00:17:17.402: [INFO] LastUsedProfileDir: D:\Lecture\Java26\.metadata\.plugins\org.eclipse.swt\EBWebView\Default
2026-08-31 00:17:17.402: [INFO] MostRecentlyActiveProfile: name=프로필 1 path=D:\Lecture\Java26\.metadata\.plugins\org.eclipse.swt\EBWebView\Default lastActive=2026-08-26T06:58:59.587Z
2026-08-31 00:17:17.402: [INFO] OnDoneLoading sync enabled: 0
2026-08-31 00:17:17.402: [INFO] BookmarkModelLoaded, ids_reassigned: 0
2026-08-31 00:17:17.402: [INFO] BookmarksLoadDropped droppedNodes=0
2026-08-31 00:17:17.402: [INFO] BookmarksSnapshot Startup total=0 bar=0 other=0 mobile=0 showBar=0 showBarNTP=1
2026-08-31 02:12:04.487: [INFO] BookmarksSnapshot Shutdown total=0 bar=0 other=0 mobile=0 showBar=0 showBarNTP=1
2026-08-31 02:12:30.594: [INFO] CurrentProfilePath: D:\Lecture\Java26\.metadata\.plugins\org.eclipse.swt\EBWebView\Default
2026-08-31 02:12:30.594: [INFO] Profiles total count: 1
2026-08-31 02:12:30.594: [INFO] Profile: name=프로필 1 path=D:\Lecture\Java26\.metadata\.plugins\org.eclipse.swt\EBWebView\Default lastActive=2026-08-31T00:28:56.357Z
2026-08-31 02:12:30.594: [INFO] LastUsedProfileDir: D:\Lecture\Java26\.metadata\.plugins\org.eclipse.swt\EBWebView\Default
2026-08-31 02:12:30.594: [INFO] MostRecentlyActiveProfile: name=프로필 1 path=D:\Lecture\Java26\.metadata\.plugins\org.eclipse.swt\EBWebView\Default lastActive=2026-08-31T00:28:56.357Z
2026-08-31 02:12:30.594: [INFO] OnDoneLoading sync enabled: 0
2026-08-31 02:12:30.594: [INFO] BookmarkModelLoaded, ids_reassigned: 0
2026-08-31 02:12:30.594: [INFO] BookmarksLoadDropped droppedNodes=0
2026-08-31 02:12:30.594: [INFO] BookmarksSnapshot Startup total=0 bar=0 other=0 mobile=0 showBar=0 showBarNTP=1
2026-08-31 02:44:15.906: [INFO] BookmarksSnapshot Shutdown total=0 bar=0 other=0 mobile=0 showBar=0 showBarNTP=1
2026-09-01 06:54:01.815: [INFO] CurrentProfilePath: D:\Lecture\Java26\.metadata\.plugins\org.eclipse.swt\EBWebView\Default
2026-09-01 06:54:01.815: [INFO] Profiles total count: 1
2026-09-01 06:54:01.815: [INFO] Profile: name=프로필 1 path=D:\Lecture\Java26\.metadata\.plugins\org.eclipse.swt\EBWebView\Default lastActive=2026-08-31T00:28:56.357Z
2026-09-01 06:54:01.815: [INFO] LastUsedProfileDir: D:\Lecture\Java26\.metadata\.plugins\org.eclipse.swt\EBWebView\Default
2026-09-01 06:54:01.815: [INFO] MostRecentlyActiveProfile: name=프로필 1 path=D:\Lecture\Java26\.metadata\.plugins\org.eclipse.swt\EBWebView\Default lastActive=2026-08-31T00:28:56.357Z
2026-09-01 06:54:01.815: [INFO] OnDoneLoading sync enabled: 0
2026-09-01 06:54:01.815: [INFO] BookmarkModelLoaded, ids_reassigned: 0
2026-09-01 06:54:01.815: [INFO] BookmarksLoadDropped droppedNodes=0
2026-09-01 06:54:01.815: [INFO] BookmarksSnapshot Startup total=0 bar=0 other=0 mobile=0 showBar=0 showBarNTP=1
2026-09-01 08:29:32.736: [INFO] BookmarksSnapshot Shutdown total=0 bar=0 other=0 mobile=0 showBar=0 showBarNTP=1
2026-09-02 04:15:09.025: [INFO] CurrentProfilePath: D:\Lecture\Java26\.metadata\.plugins\org.eclipse.swt\EBWebView\Default
2026-09-02 04:15:09.025: [INFO] Profiles total count: 1
2026-09-02 04:15:09.025: [INFO] Profile: name=프로필 1 path=D:\Lecture\Java26\.metadata\.plugins\org.eclipse.swt\EBWebView\Default lastActive=2026-08-31T00:28:56.357Z
2026-09-02 04:15:09.025: [INFO] LastUsedProfileDir: D:\Lecture\Java26\.metadata\.plugins\org.eclipse.swt\EBWebView\Default
2026-09-02 04:15:09.025: [INFO] MostRecentlyActiveProfile: name=프로필 1 path=D:\Lecture\Java26\.metadata\.plugins\org.eclipse.swt\EBWebView\Default lastActive=2026-08-31T00:28:56.357Z
2026-09-02 04:15:09.025: [INFO] OnDoneLoading sync enabled: 0
2026-09-02 04:15:09.025: [INFO] BookmarkModelLoaded, ids_reassigned: 0
2026-09-02 04:15:09.025: [INFO] BookmarksLoadDropped droppedNodes=0
2026-09-02 04:15:09.025: [INFO] BookmarksSnapshot Startup total=0 bar=0 other=0 mobile=0 showBar=0 showBarNTP=1
2026-09-02 07:15:02.994: [INFO] BookmarksSnapshot Shutdown total=0 bar=0 other=0 mobile=0 showBar=0 showBarNTP=1
2026-09-02 07:30:10.967: [INFO] CurrentProfilePath: D:\Lecture\Java26\.metadata\.plugins\org.eclipse.swt\EBWebView\Default
2026-09-02 07:30:10.967: [INFO] Profiles total count: 1
2026-09-02 07:30:10.968: [INFO] Profile: name=프로필 1 path=D:\Lecture\Java26\.metadata\.plugins\org.eclipse.swt\EBWebView\Default lastActive=2026-09-02T05:57:14.793Z
2026-09-02 07:30:10.968: [INFO] LastUsedProfileDir: D:\Lecture\Java26\.metadata\.plugins\org.eclipse.swt\EBWebView\Default
2026-09-02 07:30:10.968: [INFO] MostRecentlyActiveProfile: name=프로필 1 path=D:\Lecture\Java26\.metadata\.plugins\org.eclipse.swt\EBWebView\Default lastActive=2026-09-02T05:57:14.793Z
2026-09-02 07:30:10.968: [INFO] OnDoneLoading sync enabled: 0
2026-09-02 07:30:10.968: [INFO] BookmarkModelLoaded, ids_reassigned: 0
2026-09-02 07:30:10.968: [INFO] BookmarksLoadDropped droppedNodes=0
2026-09-02 07:30:10.968: [INFO] BookmarksSnapshot Startup total=0 bar=0 other=0 mobile=0 showBar=0 showBarNTP=1
2026-09-02 09:02:26.947: [INFO] BookmarksSnapshot Shutdown total=0 bar=0 other=0 mobile=0 showBar=0 showBarNTP=1
2026-09-07 00:06:47.889: [INFO] CurrentProfilePath: D:\Lecture\Java26\.metadata\.plugins\org.eclipse.swt\EBWebView\Default
2026-09-07 00:06:47.889: [INFO] Profiles total count: 1
2026-09-07 00:06:47.889: [INFO] Profile: name=프로필 1 path=D:\Lecture\Java26\.metadata\.plugins\org.eclipse.swt\EBWebView\Default lastActive=2026-09-02T07:30:46.935Z
2026-09-07 00:06:47.889: [INFO] LastUsedProfileDir: D:\Lecture\Java26\.metadata\.plugins\org.eclipse.swt\EBWebView\Default
2026-09-07 00:06:47.889: [INFO] MostRecentlyActiveProfile: name=프로필 1 path=D:\Lecture\Java26\.metadata\.plugins\org.eclipse.swt\EBWebView\Default lastActive=2026-09-02T07:30:46.935Z
2026-09-07 00:06:47.889: [INFO] OnDoneLoading sync enabled: 0
2026-09-07 00:06:47.889: [INFO] BookmarkModelLoaded, ids_reassigned: 0
2026-09-07 00:06:47.889: [INFO] BookmarksLoadDropped droppedNodes=0
2026-09-07 00:06:47.889: [INFO] BookmarksSnapshot Startup total=0 bar=0 other=0 mobile=0 showBar=0 showBarNTP=1
2026-09-07 02:52:53.333: [INFO] BookmarksSnapshot Shutdown total=0 bar=0 other=0 mobile=0 showBar=0 showBarNTP=1
2026-09-07 06:45:59.852: [INFO] CurrentProfilePath: D:\Lecture\Java26\.metadata\.plugins\org.eclipse.swt\EBWebView\Default
2026-09-07 06:45:59.852: [INFO] Profiles total count: 1
2026-09-07 06:45:59.852: [INFO] Profile: name=프로필 1 path=D:\Lecture\Java26\.metadata\.plugins\org.eclipse.swt\EBWebView\Default lastActive=2026-09-02T07:30:46.935Z
2026-09-07 06:45:59.852: [INFO] LastUsedProfileDir: D:\Lecture\Java26\.metadata\.plugins\org.eclipse.swt\EBWebView\Default
2026-09-07 06:45:59.852: [INFO] MostRecentlyActiveProfile: name=프로필 1 path=D:\Lecture\Java26\.metadata\.plugins\org.eclipse.swt\EBWebView\Default lastActive=2026-09-02T07:30:46.935Z
2026-09-07 06:45:59.852: [INFO] OnDoneLoading sync enabled: 0
2026-09-07 06:45:59.852: [INFO] BookmarkModelLoaded, ids_reassigned: 0
2026-09-07 06:45:59.852: [INFO] BookmarksLoadDropped droppedNodes=0
2026-09-07 06:45:59.852: [INFO] BookmarksSnapshot Startup total=0 bar=0 other=0 mobile=0 showBar=0 showBarNTP=1
2026-09-07 07:45:32.216: [INFO] BookmarksSnapshot Shutdown total=0 bar=0 other=0 mobile=0 showBar=0 showBarNTP=1
2026-09-08 09:57:39.937: [INFO] CurrentProfilePath: D:\Lecture\Java26\.metadata\.plugins\org.eclipse.swt\EBWebView\Default
2026-09-08 09:57:39.937: [INFO] Profiles total count: 1
2026-09-08 09:57:39.937: [INFO] Profile: name=프로필 1 path=D:\Lecture\Java26\.metadata\.plugins\org.eclipse.swt\EBWebView\Default lastActive=2026-09-07T06:47:52.391Z
2026-09-08 09:57:39.937: [INFO] LastUsedProfileDir: D:\Lecture\Java26\.metadata\.plugins\org.eclipse.swt\EBWebView\Default
2026-09-08 09:57:39.937: [INFO] MostRecentlyActiveProfile: name=프로필 1 path=D:\Lecture\Java26\.metadata\.plugins\org.eclipse.swt\EBWebView\Default lastActive=2026-09-07T06:47:52.391Z
2026-09-08 09:57:39.937: [INFO] OnDoneLoading sync enabled: 0
2026-09-08 09:57:39.937: [INFO] BookmarkModelLoaded, ids_reassigned: 0
2026-09-08 09:57:39.937: [INFO] BookmarksLoadDropped droppedNodes=0
2026-09-08 09:57:39.937: [INFO] BookmarksSnapshot Startup total=0 bar=0 other=0 mobile=0 showBar=0 showBarNTP=1
2026-09-08 10:11:31.746: [INFO] BookmarksSnapshot Shutdown total=0 bar=0 other=0 mobile=0 showBar=0 showBarNTP=1
2026-09-08 10:11:45.674: [INFO] CurrentProfilePath: D:\Lecture\Java26\.metadata\.plugins\org.eclipse.swt\EBWebView\Default
2026-09-08 10:11:45.674: [INFO] Profiles total count: 1
2026-09-08 10:11:45.674: [INFO] Profile: name=프로필 1 path=D:\Lecture\Java26\.metadata\.plugins\org.eclipse.swt\EBWebView\Default lastActive=2026-09-08T10:11:23.905Z
2026-09-08 10:11:45.674: [INFO] LastUsedProfileDir: D:\Lecture\Java26\.metadata\.plugins\org.eclipse.swt\EBWebView\Default
2026-09-08 10:11:45.674: [INFO] MostRecentlyActiveProfile: name=프로필 1 path=D:\Lecture\Java26\.metadata\.plugins\org.eclipse.swt\EBWebView\Default lastActive=2026-09-08T10:11:23.905Z
2026-09-08 10:11:45.674: [INFO] OnDoneLoading sync enabled: 0
2026-09-08 10:11:45.674: [INFO] BookmarkModelLoaded, ids_reassigned: 0
2026-09-08 10:11:45.674: [INFO] BookmarksLoadDropped droppedNodes=0
2026-09-08 10:11:45.674: [INFO] BookmarksSnapshot Startup total=0 bar=0 other=0 mobile=0 showBar=0 showBarNTP=1
2026-09-08 10:25:40.232: [INFO] BookmarksSnapshot Shutdown total=0 bar=0 other=0 mobile=0 showBar=0 showBarNTP=1
2026-09-09 03:39:22.003: [INFO] CurrentProfilePath: D:\Lecture\Java26\.metadata\.plugins\org.eclipse.swt\EBWebView\Default
2026-09-09 03:39:22.003: [INFO] Profiles total count: 1
2026-09-09 03:39:22.003: [INFO] Profile: name=프로필 1 path=D:\Lecture\Java26\.metadata\.plugins\org.eclipse.swt\EBWebView\Default lastActive=2026-09-08T10:11:55.538Z
2026-09-09 03:39:22.003: [INFO] LastUsedProfileDir: D:\Lecture\Java26\.metadata\.plugins\org.eclipse.swt\EBWebView\Default
2026-09-09 03:39:22.003: [INFO] MostRecentlyActiveProfile: name=프로필 1 path=D:\Lecture\Java26\.metadata\.plugins\org.eclipse.swt\EBWebView\Default lastActive=2026-09-08T10:11:55.538Z
2026-09-09 03:39:22.003: [INFO] OnDoneLoading sync enabled: 0
2026-09-09 03:39:22.003: [INFO] BookmarkModelLoaded, ids_reassigned: 0
2026-09-09 03:39:22.003: [INFO] BookmarksLoadDropped droppedNodes=0
2026-09-09 03:39:22.003: [INFO] BookmarksSnapshot Startup total=0 bar=0 other=0 mobile=0 showBar=0 showBarNTP=1
2026-09-09 06:30:49.058: [INFO] BookmarksSnapshot Shutdown total=0 bar=0 other=0 mobile=0 showBar=0 showBarNTP=1
2026-09-10 00:22:25.383: [INFO] CurrentProfilePath: D:\Lecture\Java26\.metadata\.plugins\org.eclipse.swt\EBWebView\Default
2026-09-10 00:22:25.383: [INFO] Profiles total count: 1
2026-09-10 00:22:25.383: [INFO] Profile: name=프로필 1 path=D:\Lecture\Java26\.metadata\.plugins\org.eclipse.swt\EBWebView\Default lastActive=2026-09-09T04:30:45.307Z
2026-09-10 00:22:25.383: [INFO] LastUsedProfileDir: D:\Lecture\Java26\.metadata\.plugins\org.eclipse.swt\EBWebView\Default
2026-09-10 00:22:25.383: [INFO] MostRecentlyActiveProfile: name=프로필 1 path=D:\Lecture\Java26\.metadata\.plugins\org.eclipse.swt\EBWebView\Default lastActive=2026-09-09T04:30:45.307Z
2026-09-10 00:22:25.383: [INFO] OnDoneLoading sync enabled: 0
2026-09-10 00:22:25.383: [INFO] BookmarkModelLoaded, ids_reassigned: 0
2026-09-10 00:22:25.383: [INFO] BookmarksLoadDropped droppedNodes=0
2026-09-10 00:22:25.383: [INFO] BookmarksSnapshot Startup total=0 bar=0 other=0 mobile=0 showBar=0 showBarNTP=1
2026-09-10 03:44:03.471: [INFO] BookmarksSnapshot Shutdown total=0 bar=0 other=0 mobile=0 showBar=0 showBarNTP=1
2026-09-10 06:46:30.793: [INFO] CurrentProfilePath: D:\Lecture\Java26\.metadata\.plugins\org.eclipse.swt\EBWebView\Default
2026-09-10 06:46:30.793: [INFO] Profiles total count: 1
2026-09-10 06:46:30.793: [INFO] Profile: name=프로필 1 path=D:\Lecture\Java26\.metadata\.plugins\org.eclipse.swt\EBWebView\Default lastActive=2026-09-10T00:53:44.898Z
2026-09-10 06:46:30.793: [INFO] LastUsedProfileDir: D:\Lecture\Java26\.metadata\.plugins\org.eclipse.swt\EBWebView\Default
2026-09-10 06:46:30.793: [INFO] MostRecentlyActiveProfile: name=프로필 1 path=D:\Lecture\Java26\.metadata\.plugins\org.eclipse.swt\EBWebView\Default lastActive=2026-09-10T00:53:44.898Z
2026-09-10 06:46:30.793: [INFO] OnDoneLoading sync enabled: 0
2026-09-10 06:46:30.793: [INFO] BookmarkModelLoaded, ids_reassigned: 0
2026-09-10 06:46:30.793: [INFO] BookmarksLoadDropped droppedNodes=0
2026-09-10 06:46:30.793: [INFO] BookmarksSnapshot Startup total=0 bar=0 other=0 mobile=0 showBar=0 showBarNTP=1
2026-09-10 06:48:37.186: [INFO] BookmarksSnapshot Shutdown total=0 bar=0 other=0 mobile=0 showBar=0 showBarNTP=1
2026-09-14 00:02:07.689: [INFO] CurrentProfilePath: D:\Lecture\Java26\.metadata\.plugins\org.eclipse.swt\EBWebView\Default
2026-09-14 00:02:07.689: [INFO] Profiles total count: 1
2026-09-14 00:02:07.689: [INFO] Profile: name=프로필 1 path=D:\Lecture\Java26\.metadata\.plugins\org.eclipse.swt\EBWebView\Default lastActive=2026-09-10T06:46:33.397Z
2026-09-14 00:02:07.689: [INFO] LastUsedProfileDir: D:\Lecture\Java26\.metadata\.plugins\org.eclipse.swt\EBWebView\Default
2026-09-14 00:02:07.689: [INFO] MostRecentlyActiveProfile: name=프로필 1 path=D:\Lecture\Java26\.metadata\.plugins\org.eclipse.swt\EBWebView\Default lastActive=2026-09-10T06:46:33.397Z
2026-09-14 00:02:07.689: [INFO] OnDoneLoading sync enabled: 0
2026-09-14 00:02:07.689: [INFO] BookmarkModelLoaded, ids_reassigned: 0
2026-09-14 00:02:07.689: [INFO] BookmarksLoadDropped droppedNodes=0
2026-09-14 00:02:07.689: [INFO] BookmarksSnapshot Startup total=0 bar=0 other=0 mobile=0 showBar=0 showBarNTP=1
2026-09-14 03:38:59.691: [INFO] BookmarksSnapshot Shutdown total=0 bar=0 other=0 mobile=0 showBar=0 showBarNTP=1
2026-09-16 04:03:18.986: [INFO] CurrentProfilePath: D:\Lecture\Java26\.metadata\.plugins\org.eclipse.swt\EBWebView\Default
2026-09-16 04:03:18.986: [INFO] Profiles total count: 1
2026-09-16 04:03:18.986: [INFO] Profile: name=프로필 1 path=D:\Lecture\Java26\.metadata\.plugins\org.eclipse.swt\EBWebView\Default lastActive=2026-09-14T03:38:59.514Z
2026-09-16 04:03:18.986: [INFO] LastUsedProfileDir: D:\Lecture\Java26\.metadata\.plugins\org.eclipse.swt\EBWebView\Default
2026-09-16 04:03:18.986: [INFO] MostRecentlyActiveProfile: name=프로필 1 path=D:\Lecture\Java26\.metadata\.plugins\org.eclipse.swt\EBWebView\Default lastActive=2026-09-14T03:38:59.514Z
2026-09-16 04:03:18.986: [INFO] OnDoneLoading sync enabled: 0
2026-09-16 04:03:18.986: [INFO] BookmarkModelLoaded, ids_reassigned: 0
2026-09-16 04:03:18.986: [INFO] BookmarksLoadDropped droppedNodes=0
2026-09-16 04:03:18.986: [INFO] BookmarksSnapshot Startup total=0 bar=0 other=0 mobile=0 showBar=0 showBarNTP=1
2026-09-16 08:34:48.977: [INFO] BookmarksSnapshot Shutdown total=0 bar=0 other=0 mobile=0 showBar=0 showBarNTP=1
2026-09-21 00:18:40.571: [INFO] CurrentProfilePath: D:\Lecture\Java26\.metadata\.plugins\org.eclipse.swt\EBWebView\Default
2026-09-21 00:18:40.571: [INFO] Profiles total count: 1
2026-09-21 00:18:40.571: [INFO] Profile: name=프로필 1 path=D:\Lecture\Java26\.metadata\.plugins\org.eclipse.swt\EBWebView\Default lastActive=2026-09-16T08:11:23.410Z
2026-09-21 00:18:40.571: [INFO] LastUsedProfileDir: D:\Lecture\Java26\.metadata\.plugins\org.eclipse.swt\EBWebView\Default
2026-09-21 00:18:40.571: [INFO] MostRecentlyActiveProfile: name=프로필 1 path=D:\Lecture\Java26\.metadata\.plugins\org.eclipse.swt\EBWebView\Default lastActive=2026-09-16T08:11:23.410Z
2026-09-21 00:18:40.571: [INFO] OnDoneLoading sync enabled: 0
2026-09-21 00:18:40.571: [INFO] BookmarkModelLoaded, ids_reassigned: 0
2026-09-21 00:18:40.571: [INFO] BookmarksLoadDropped droppedNodes=0
2026-09-21 00:18:40.571: [INFO] BookmarksSnapshot Startup total=0 bar=0 other=0 mobile=0 showBar=0 showBarNTP=1
2026-09-21 00:23:55.490: [INFO] BookmarksSnapshot Shutdown total=0 bar=0 other=0 mobile=0 showBar=0 showBarNTP=1
2026-09-21 00:54:24.043: [INFO] CurrentProfilePath: D:\Lecture\Java26\.metadata\.plugins\org.eclipse.swt\EBWebView\Default
2026-09-21 00:54:24.043: [INFO] Profiles total count: 1
2026-09-21 00:54:24.043: [INFO] Profile: name=프로필 1 path=D:\Lecture\Java26\.metadata\.plugins\org.eclipse.swt\EBWebView\Default lastActive=2026-09-21T00:23:55.316Z
2026-09-21 00:54:24.043: [INFO] LastUsedProfileDir: D:\Lecture\Java26\.metadata\.plugins\org.eclipse.swt\EBWebView\Default
2026-09-21 00:54:24.043: [INFO] MostRecentlyActiveProfile: name=프로필 1 path=D:\Lecture\Java26\.metadata\.plugins\org.eclipse.swt\EBWebView\Default lastActive=2026-09-21T00:23:55.316Z
2026-09-21 00:54:24.043: [INFO] OnDoneLoading sync enabled: 0
2026-09-21 00:54:24.043: [INFO] BookmarkModelLoaded, ids_reassigned: 0
2026-09-21 00:54:24.043: [INFO] BookmarksLoadDropped droppedNodes=0
2026-09-21 00:54:24.043: [INFO] BookmarksSnapshot Startup total=0 bar=0 other=0 mobile=0 showBar=0 showBarNTP=1
2026-09-21 02:39:09.553: [INFO] BookmarksSnapshot Shutdown total=0 bar=0 other=0 mobile=0 showBar=0 showBarNTP=1
2026-09-23 04:17:45.517: [INFO] CurrentProfilePath: D:\Lecture\Java26\.metadata\.plugins\org.eclipse.swt\EBWebView\Default
2026-09-23 04:17:45.517: [INFO] Profiles total count: 1
2026-09-23 04:17:45.517: [INFO] Profile: name=프로필 1 path=D:\Lecture\Java26\.metadata\.plugins\org.eclipse.swt\EBWebView\Default lastActive=2026-09-21T00:23:55.316Z
2026-09-23 04:17:45.517: [INFO] LastUsedProfileDir: D:\Lecture\Java26\.metadata\.plugins\org.eclipse.swt\EBWebView\Default
2026-09-23 04:17:45.517: [INFO] MostRecentlyActiveProfile: name=프로필 1 path=D:\Lecture\Java26\.metadata\.plugins\org.eclipse.swt\EBWebView\Default lastActive=2026-09-21T00:23:55.316Z
2026-09-23 04:17:45.517: [INFO] OnDoneLoading sync enabled: 0
2026-09-23 04:17:45.517: [INFO] BookmarkModelLoaded, ids_reassigned: 0
2026-09-23 04:17:45.517: [INFO] BookmarksLoadDropped droppedNodes=0
2026-09-23 04:17:45.517: [INFO] BookmarksSnapshot Startup total=0 bar=0 other=0 mobile=0 showBar=0 showBarNTP=1
2026-09-23 06:17:42.017: [INFO] BookmarksSnapshot Shutdown total=0 bar=0 other=0 mobile=0 showBar=0 showBarNTP=1
2026-09-28 00:12:27.957: [INFO] CurrentProfilePath: D:\Lecture\Java26\.metadata\.plugins\org.eclipse.swt\EBWebView\Default
2026-09-28 00:12:27.957: [INFO] Profiles total count: 1
2026-09-28 00:12:27.957: [INFO] Profile: name=프로필 1 path=D:\Lecture\Java26\.metadata\.plugins\org.eclipse.swt\EBWebView\Default lastActive=2026-09-28T00:04:39.925Z
2026-09-28 00:12:27.957: [INFO] LastUsedProfileDir: D:\Lecture\Java26\.metadata\.plugins\org.eclipse.swt\EBWebView\Default
2026-09-28 00:12:27.957: [INFO] MostRecentlyActiveProfile: name=프로필 1 path=D:\Lecture\Java26\.metadata\.plugins\org.eclipse.swt\EBWebView\Default lastActive=2026-09-28T00:04:39.925Z
2026-09-28 00:12:27.957: [INFO] OnDoneLoading sync enabled: 0
2026-09-28 00:12:27.957: [INFO] BookmarkModelLoaded, ids_reassigned: 0
2026-09-28 00:12:27.957: [INFO] BookmarksLoadDropped droppedNodes=0
2026-09-28 00:12:27.957: [INFO] BookmarksSnapshot Startup total=0 bar=0 other=0 mobile=0 showBar=0 showBarNTP=1
2026-09-28 00:12:32.996: [INFO] BookmarksSnapshot Shutdown total=0 bar=0 other=0 mobile=0 showBar=0 showBarNTP=1
2026-10-07 05:29:49.718: [INFO] CurrentProfilePath: D:\Lecture\Java26\.metadata\.plugins\org.eclipse.swt\EBWebView\Default
2026-10-07 05:29:49.718: [INFO] Profiles total count: 1
2026-10-07 05:29:49.718: [INFO] Profile: name=프로필 1 path=D:\Lecture\Java26\.metadata\.plugins\org.eclipse.swt\EBWebView\Default lastActive=2026-09-28T00:04:39.925Z
2026-10-07 05:29:49.718: [INFO] LastUsedProfileDir: D:\Lecture\Java26\.metadata\.plugins\org.eclipse.swt\EBWebView\Default
2026-10-07 05:29:49.718: [INFO] MostRecentlyActiveProfile: name=프로필 1 path=D:\Lecture\Java26\.metadata\.plugins\org.eclipse.swt\EBWebView\Default lastActive=2026-09-28T00:04:39.925Z
2026-10-07 05:29:49.718: [INFO] OnDoneLoading sync enabled: 0
2026-10-07 05:29:49.718: [INFO] BookmarkModelLoaded, ids_reassigned: 0
2026-10-07 05:29:49.718: [INFO] BookmarksLoadDropped droppedNodes=0
2026-10-07 05:29:49.718: [INFO] BookmarksSnapshot Startup total=0 bar=0 other=0 mobile=0 showBar=0 showBarNTP=1
2026-10-07 05:29:51.772: [INFO] BookmarksSnapshot Shutdown total=0 bar=0 other=0 mobile=0 showBar=0 showBarNTP=1
2026-10-07 05:30:37.675: [INFO] CurrentProfilePath: D:\Lecture\Java26\.metadata\.plugins\org.eclipse.swt\EBWebView\Default
2026-10-07 05:30:37.675: [INFO] Profiles total count: 1
2026-10-07 05:30:37.675: [INFO] Profile: name=프로필 1 path=D:\Lecture\Java26\.metadata\.plugins\org.eclipse.swt\EBWebView\Default lastActive=2026-09-28T00:04:39.925Z
2026-10-07 05:30:37.675: [INFO] LastUsedProfileDir: D:\Lecture\Java26\.metadata\.plugins\org.eclipse.swt\EBWebView\Default
2026-10-07 05:30:37.675: [INFO] MostRecentlyActiveProfile: name=프로필 1 path=D:\Lecture\Java26\.metadata\.plugins\org.eclipse.swt\EBWebView\Default lastActive=2026-09-28T00:04:39.925Z
2026-10-07 05:30:37.675: [INFO] OnDoneLoading sync enabled: 0
2026-10-07 05:30:37.675: [INFO] BookmarkModelLoaded, ids_reassigned: 0
2026-10-07 05:30:37.675: [INFO] BookmarksLoadDropped droppedNodes=0
2026-10-07 05:30:37.675: [INFO] BookmarksSnapshot Startup total=0 bar=0 other=0 mobile=0 showBar=0 showBarNTP=1
2026-10-07 05:30:50.068: [INFO] BookmarksSnapshot Shutdown total=0 bar=0 other=0 mobile=0 showBar=0 showBarNTP=1
2026-10-07 05:30:58.696: [INFO] CurrentProfilePath: D:\Lecture\Java26\.metadata\.plugins\org.eclipse.swt\EBWebView\Default
2026-10-07 05:30:58.696: [INFO] Profiles total count: 1
2026-10-07 05:30:58.696: [INFO] Profile: name=프로필 1 path=D:\Lecture\Java26\.metadata\.plugins\org.eclipse.swt\EBWebView\Default lastActive=2026-09-28T00:04:39.925Z
2026-10-07 05:30:58.696: [INFO] LastUsedProfileDir: D:\Lecture\Java26\.metadata\.plugins\org.eclipse.swt\EBWebView\Default
2026-10-07 05:30:58.696: [INFO] MostRecentlyActiveProfile: name=프로필 1 path=D:\Lecture\Java26\.metadata\.plugins\org.eclipse.swt\EBWebView\Default lastActive=2026-09-28T00:04:39.925Z
2026-10-07 05:30:58.696: [INFO] OnDoneLoading sync enabled: 0
2026-10-07 05:30:58.696: [INFO] BookmarkModelLoaded, ids_reassigned: 0
2026-10-07 05:30:58.696: [INFO] BookmarksLoadDropped droppedNodes=0
2026-10-07 05:30:58.696: [INFO] BookmarksSnapshot Startup total=0 bar=0 other=0 mobile=0 showBar=0 showBarNTP=1
2026-10-07 05:31:08.752: [INFO] BookmarksSnapshot Shutdown total=0 bar=0 other=0 mobile=0 showBar=0 showBarNTP=1
2026-10-07 05:31:32.602: [INFO] CurrentProfilePath: D:\Lecture\Java26\.metadata\.plugins\org.eclipse.swt\EBWebView\Default
2026-10-07 05:31:32.602: [INFO] Profiles total count: 1
2026-10-07 05:31:32.602: [INFO] Profile: name=프로필 1 path=D:\Lecture\Java26\.metadata\.plugins\org.eclipse.swt\EBWebView\Default lastActive=2026-09-28T00:04:39.925Z
2026-10-07 05:31:32.602: [INFO] LastUsedProfileDir: D:\Lecture\Java26\.metadata\.plugins\org.eclipse.swt\EBWebView\Default
2026-10-07 05:31:32.602: [INFO] MostRecentlyActiveProfile: name=프로필 1 path=D:\Lecture\Java26\.metadata\.plugins\org.eclipse.swt\EBWebView\Default lastActive=2026-09-28T00:04:39.925Z
2026-10-07 05:31:32.602: [INFO] OnDoneLoading sync enabled: 0
2026-10-07 05:31:32.602: [INFO] BookmarkModelLoaded, ids_reassigned: 0
2026-10-07 05:31:32.602: [INFO] BookmarksLoadDropped droppedNodes=0
2026-10-07 05:31:32.602: [INFO] BookmarksSnapshot Startup total=0 bar=0 other=0 mobile=0 showBar=0 showBarNTP=1
2026-10-07 05:31:56.164: [INFO] BookmarksSnapshot Shutdown total=0 bar=0 other=0 mobile=0 showBar=0 showBarNTP=1
2026-10-07 05:31:56.204: [INFO] CurrentProfilePath: D:\Lecture\Java26\.metadata\.plugins\org.eclipse.swt\EBWebView\Default
2026-10-07 05:31:56.204: [INFO] Profiles total count: 1
2026-10-07 05:31:56.204: [INFO] Profile: name=프로필 1 path=D:\Lecture\Java26\.metadata\.plugins\org.eclipse.swt\EBWebView\Default lastActive=2026-09-28T00:04:39.925Z
2026-10-07 05:31:56.204: [INFO] LastUsedProfileDir: D:\Lecture\Java26\.metadata\.plugins\org.eclipse.swt\EBWebView\Default
2026-10-07 05:31:56.204: [INFO] MostRecentlyActiveProfile: name=프로필 1 path=D:\Lecture\Java26\.metadata\.plugins\org.eclipse.swt\EBWebView\Default lastActive=2026-09-28T00:04:39.925Z
2026-10-07 05:31:56.204: [INFO] OnDoneLoading sync enabled: 0
2026-10-07 05:31:56.204: [INFO] BookmarkModelLoaded, ids_reassigned: 0
2026-10-07 05:31:56.204: [INFO] BookmarksLoadDropped droppedNodes=0
2026-10-07 05:31:56.204: [INFO] BookmarksSnapshot Startup total=0 bar=0 other=0 mobile=0 showBar=0 showBarNTP=1
2026-10-07 05:32:36.741: [INFO] BookmarksSnapshot Shutdown total=0 bar=0 other=0 mobile=0 showBar=0 showBarNTP=1
2026-10-07 05:32:46.274: [INFO] CurrentProfilePath: D:\Lecture\Java26\.metadata\.plugins\org.eclipse.swt\EBWebView\Default
2026-10-07 05:32:46.274: [INFO] Profiles total count: 1
2026-10-07 05:32:46.274: [INFO] Profile: name=프로필 1 path=D:\Lecture\Java26\.metadata\.plugins\org.eclipse.swt\EBWebView\Default lastActive=2026-09-28T00:04:39.925Z
2026-10-07 05:32:46.274: [INFO] LastUsedProfileDir: D:\Lecture\Java26\.metadata\.plugins\org.eclipse.swt\EBWebView\Default
2026-10-07 05:32:46.274: [INFO] MostRecentlyActiveProfile: name=프로필 1 path=D:\Lecture\Java26\.metadata\.plugins\org.eclipse.swt\EBWebView\Default lastActive=2026-09-28T00:04:39.925Z
2026-10-07 05:32:46.274: [INFO] OnDoneLoading sync enabled: 0
2026-10-07 05:32:46.274: [INFO] BookmarkModelLoaded, ids_reassigned: 0
2026-10-07 05:32:46.274: [INFO] BookmarksLoadDropped droppedNodes=0
2026-10-07 05:32:46.274: [INFO] BookmarksSnapshot Startup total=0 bar=0 other=0 mobile=0 showBar=0 showBarNTP=1
2026-10-07 05:32:49.754: [INFO] BookmarksSnapshot Shutdown total=0 bar=0 other=0 mobile=0 showBar=0 showBarNTP=1
2026-10-07 06:18:40.434: [INFO] CurrentProfilePath: D:\Lecture\Java26\.metadata\.plugins\org.eclipse.swt\EBWebView\Default
2026-10-07 06:18:40.434: [INFO] Profiles total count: 1
2026-10-07 06:18:40.434: [INFO] Profile: name=프로필 1 path=D:\Lecture\Java26\.metadata\.plugins\org.eclipse.swt\EBWebView\Default lastActive=2026-09-28T00:04:39.925Z
2026-10-07 06:18:40.434: [INFO] LastUsedProfileDir: D:\Lecture\Java26\.metadata\.plugins\org.eclipse.swt\EBWebView\Default
2026-10-07 06:18:40.434: [INFO] MostRecentlyActiveProfile: name=프로필 1 path=D:\Lecture\Java26\.metadata\.plugins\org.eclipse.swt\EBWebView\Default lastActive=2026-09-28T00:04:39.925Z
2026-10-07 06:18:40.434: [INFO] OnDoneLoading sync enabled: 0
2026-10-07 06:18:40.434: [INFO] BookmarkModelLoaded, ids_reassigned: 0
2026-10-07 06:18:40.434: [INFO] BookmarksLoadDropped droppedNodes=0
2026-10-07 06:18:40.434: [INFO] BookmarksSnapshot Startup total=0 bar=0 other=0 mobile=0 showBar=0 showBarNTP=1
2026-10-07 06:19:32.987: [INFO] BookmarksSnapshot Shutdown total=0 bar=0 other=0 mobile=0 showBar=0 showBarNTP=1
2026-10-07 06:19:37.217: [INFO] CurrentProfilePath: D:\Lecture\Java26\.metadata\.plugins\org.eclipse.swt\EBWebView\Default
2026-10-07 06:19:37.217: [INFO] Profiles total count: 1
2026-10-07 06:19:37.217: [INFO] Profile: name=프로필 1 path=D:\Lecture\Java26\.metadata\.plugins\org.eclipse.swt\EBWebView\Default lastActive=2026-09-28T00:04:39.925Z
2026-10-07 06:19:37.217: [INFO] LastUsedProfileDir: D:\Lecture\Java26\.metadata\.plugins\org.eclipse.swt\EBWebView\Default
2026-10-07 06:19:37.217: [INFO] MostRecentlyActiveProfile: name=프로필 1 path=D:\Lecture\Java26\.metadata\.plugins\org.eclipse.swt\EBWebView\Default lastActive=2026-09-28T00:04:39.925Z
2026-10-07 06:19:37.217: [INFO] OnDoneLoading sync enabled: 0
2026-10-07 06:19:37.217: [INFO] BookmarkModelLoaded, ids_reassigned: 0
2026-10-07 06:19:37.217: [INFO] BookmarksLoadDropped droppedNodes=0
2026-10-07 06:19:37.217: [INFO] BookmarksSnapshot Startup total=0 bar=0 other=0 mobile=0 showBar=0 showBarNTP=1
2026-10-07 06:19:39.751: [INFO] BookmarksSnapshot Shutdown total=0 bar=0 other=0 mobile=0 showBar=0 showBarNTP=1
2026-10-07 06:19:41.632: [INFO] CurrentProfilePath: D:\Lecture\Java26\.metadata\.plugins\org.eclipse.swt\EBWebView\Default
2026-10-07 06:19:41.632: [INFO] Profiles total count: 1
2026-10-07 06:19:41.632: [INFO] Profile: name=프로필 1 path=D:\Lecture\Java26\.metadata\.plugins\org.eclipse.swt\EBWebView\Default lastActive=2026-09-28T00:04:39.925Z
2026-10-07 06:19:41.632: [INFO] LastUsedProfileDir: D:\Lecture\Java26\.metadata\.plugins\org.eclipse.swt\EBWebView\Default
2026-10-07 06:19:41.632: [INFO] MostRecentlyActiveProfile: name=프로필 1 path=D:\Lecture\Java26\.metadata\.plugins\org.eclipse.swt\EBWebView\Default lastActive=2026-09-28T00:04:39.925Z
2026-10-07 06:19:41.632: [INFO] OnDoneLoading sync enabled: 0
2026-10-07 06:19:41.632: [INFO] BookmarkModelLoaded, ids_reassigned: 0
2026-10-07 06:19:41.632: [INFO] BookmarksLoadDropped droppedNodes=0
2026-10-07 06:19:41.632: [INFO] BookmarksSnapshot Startup total=0 bar=0 other=0 mobile=0 showBar=0 showBarNTP=1
2026-10-07 06:22:06.716: [INFO] BookmarksSnapshot Shutdown total=0 bar=0 other=0 mobile=0 showBar=0 showBarNTP=1
2026-10-07 06:22:06.758: [INFO] CurrentProfilePath: D:\Lecture\Java26\.metadata\.plugins\org.eclipse.swt\EBWebView\Default
2026-10-07 06:22:06.758: [INFO] Profiles total count: 1
2026-10-07 06:22:06.758: [INFO] Profile: name=프로필 1 path=D:\Lecture\Java26\.metadata\.plugins\org.eclipse.swt\EBWebView\Default lastActive=2026-09-28T00:04:39.925Z
2026-10-07 06:22:06.758: [INFO] LastUsedProfileDir: D:\Lecture\Java26\.metadata\.plugins\org.eclipse.swt\EBWebView\Default
2026-10-07 06:22:06.758: [INFO] MostRecentlyActiveProfile: name=프로필 1 path=D:\Lecture\Java26\.metadata\.plugins\org.eclipse.swt\EBWebView\Default lastActive=2026-09-28T00:04:39.925Z
2026-10-07 06:22:06.758: [INFO] OnDoneLoading sync enabled: 0
2026-10-07 06:22:06.758: [INFO] BookmarkModelLoaded, ids_reassigned: 0
2026-10-07 06:22:06.758: [INFO] BookmarksLoadDropped droppedNodes=0
2026-10-07 06:22:06.758: [INFO] BookmarksSnapshot Startup total=0 bar=0 other=0 mobile=0 showBar=0 showBarNTP=1
2026-10-07 06:22:40.289: [INFO] BookmarksSnapshot Shutdown total=0 bar=0 other=0 mobile=0 showBar=0 showBarNTP=1
2026-10-07 06:22:40.331: [INFO] CurrentProfilePath: D:\Lecture\Java26\.metadata\.plugins\org.eclipse.swt\EBWebView\Default
2026-10-07 06:22:40.331: [INFO] Profiles total count: 1
2026-10-07 06:22:40.331: [INFO] Profile: name=프로필 1 path=D:\Lecture\Java26\.metadata\.plugins\org.eclipse.swt\EBWebView\Default lastActive=2026-09-28T00:04:39.925Z
2026-10-07 06:22:40.331: [INFO] LastUsedProfileDir: D:\Lecture\Java26\.metadata\.plugins\org.eclipse.swt\EBWebView\Default
2026-10-07 06:22:40.331: [INFO] MostRecentlyActiveProfile: name=프로필 1 path=D:\Lecture\Java26\.metadata\.plugins\org.eclipse.swt\EBWebView\Default lastActive=2026-09-28T00:04:39.925Z
2026-10-07 06:22:40.331: [INFO] OnDoneLoading sync enabled: 0
2026-10-07 06:22:40.331: [INFO] BookmarkModelLoaded, ids_reassigned: 0
2026-10-07 06:22:40.331: [INFO] BookmarksLoadDropped droppedNodes=0
2026-10-07 06:22:40.331: [INFO] BookmarksSnapshot Startup total=0 bar=0 other=0 mobile=0 showBar=0 showBarNTP=1
2026-10-07 07:49:09.007: [INFO] BookmarksSnapshot Shutdown total=0 bar=0 other=0 mobile=0 showBar=0 showBarNTP=1
2026-10-07 10:14:42.971: [INFO] CurrentProfilePath: D:\Lecture\Java26\.metadata\.plugins\org.eclipse.swt\EBWebView\Default
2026-10-07 10:14:42.971: [INFO] Profiles total count: 1
2026-10-07 10:14:42.971: [INFO] Profile: name=프로필 1 path=D:\Lecture\Java26\.metadata\.plugins\org.eclipse.swt\EBWebView\Default lastActive=2026-09-28T00:04:39.925Z
2026-10-07 10:14:42.971: [INFO] LastUsedProfileDir: D:\Lecture\Java26\.metadata\.plugins\org.eclipse.swt\EBWebView\Default
2026-10-07 10:14:42.971: [INFO] MostRecentlyActiveProfile: name=프로필 1 path=D:\Lecture\Java26\.metadata\.plugins\org.eclipse.swt\EBWebView\Default lastActive=2026-09-28T00:04:39.925Z
2026-10-07 10:14:42.971: [INFO] OnDoneLoading sync enabled: 0
2026-10-07 10:14:42.971: [INFO] BookmarkModelLoaded, ids_reassigned: 0
2026-10-07 10:14:42.971: [INFO] BookmarksLoadDropped droppedNodes=0
2026-10-07 10:14:42.971: [INFO] BookmarksSnapshot Startup total=0 bar=0 other=0 mobile=0 showBar=0 showBarNTP=1
2026-10-07 10:15:44.111: [INFO] BookmarksSnapshot Shutdown total=0 bar=0 other=0 mobile=0 showBar=0 showBarNTP=1
